// Jest Snapshot v1, https://goo.gl/fbAQLP

exports[`Render App component should render without error 1`] = `ShallowWrapper {}`;
