// Jest Snapshot v1, https://goo.gl/fbAQLP

exports[`Render QuestionContainer component should render without error 1`] = `ShallowWrapper {}`;
